FROM nginx:1.15.6@sha256:31b8e90a349d1fce7621f5a5a08e4fc519b634f7d3feb09d53fac9b12aa4d991
FROM nginx:1.15.6-alpine-perl@sha256:71c6540ea6a756fb5387aed29b5998ea9f2445fb16bbc0149d4e290405793cfc
FROM nginx:1.15.6@sha256:31b8e90a349d1fce7621f5a5a08e4fc519b634f7d3feb09d53fac9b12aa4d991
FROM nginx:1.15.6@sha256:31b8e90a349d1fce7621f5a5a08e4fc519b634f7d3feb09d53fac9b12aa4d991

RUN something