# originally untagged
FROM nginx:1.15.6
# originally tagged 1.15
FROM nginx:1.15.6
# originally tagged 1
FROM nginx:1.15.6
# originally tagged 1.15-alpine-perl
FROM nginx:1.15.5-alpine-perl

RUN something