FROM nginx:1.15.6
FROM nginx:1.15-alpine-perl
FROM nginx:1.15
FROM nginx:1

RUN something