FROM nginx:1.15.6
FROM nginx:1.15.5-alpine-perl
FROM nginx:1.15.5

RUN something