FROM nginx:1.15.6@sha256:31b8e90a349d1fce7621f5a5a08e4fc519b634f7d3feb09d53fac9b12aa4d991
FROM nginx:1.15.5-alpine-perl@sha256:9c632b0423d3ceba7e94a6744a127b694caacb6117238aff033ab6bdc88c1fae
FROM nginx:1.15.5@sha256:b73f527d86e3461fd652f62cf47e7b375196063bbbd503e853af5be16597cb2e

RUN something